This is pdfTeX, Version 3.141592653-2.6-1.40.29 (MiKTeX 26.5) (preloaded format=pdflatex 2026.8.26)  8 SEP 2026 10:37
entering extended mode
 restricted \write18 enabled.
 file:line:error style messages enabled.
 %&-line parsing enabled.
**"c:/Local Repository/LSTM-GNN/Seminar_GLSTM/main.tex"
(c:/Local Repository/LSTM-GNN/Seminar_GLSTM/main.tex
LaTeX2e <2026-06-01>
L3 programming layer <2026-06-18>
(C:\Users\bruno\AppData\Local\Programs\MiKTeX\tex/latex/beamer\beamer.cls
Document Class: beamer 2026/01/22 v3.77 A class for typesetting presentations
(C:\Users\bruno\AppData\Local\Programs\MiKTeX\tex/latex/beamer\beamerbasemodes.sty (C:\Users\bruno\AppData\Local\Programs\MiKTeX\tex/latex/etoolbox\etoolbox.sty
Package: etoolbox 2025/10/02 v2.5m e-TeX tools for LaTeX (JAW)
\etb@tempcnta=\count276
)
\beamer@tempbox=\box53
\beamer@tempcount=\count277
\c@beamerpauses=\count278
 (C:\Users\bruno\AppData\Local\Programs\MiKTeX\tex/latex/beamer\beamerbasedecode.sty
\beamer@slideinframe=\count279
\beamer@minimum=\count280
\beamer@decode@box=\box54
)
\beamer@commentbox=\box55
\beamer@modecount=\count281
) (C:\Users\bruno\AppData\Local\Programs\MiKTeX\tex/generic/iftex\iftex.sty
Package: iftex 2024/12/12 v1.0g TeX engine tests
)
\headdp=\dimen150
\footheight=\dimen151
\sidebarheight=\dimen152
\beamer@tempdim=\dimen153
\beamer@finalheight=\dimen154
\beamer@animht=\dimen155
\beamer@animdp=\dimen156
\beamer@animwd=\dimen157
\beamer@leftmargin=\dimen158
\beamer@rightmargin=\dimen159
\beamer@leftsidebar=\dimen160
\beamer@rightsidebar=\dimen161
\beamer@boxsize=\dimen162
\beamer@vboxoffset=\dimen163
\beamer@descdefault=\dimen164
\beamer@descriptionwidth=\dimen165
\beamer@lastskip=\skip49
\beamer@areabox=\box56
\beamer@animcurrent=\box57
\beamer@animshowbox=\box58
\beamer@sectionbox=\box59
\beamer@logobox=\box60
\beamer@linebox=\box61
\beamer@sectioncount=\count282
\beamer@subsubsectionmax=\count283
\beamer@subsectionmax=\count284
\beamer@sectionmax=\count285
\beamer@totalheads=\count286
\beamer@headcounter=\count287
\beamer@partstartpage=\count288
\beamer@sectionstartpage=\count289
\beamer@subsectionstartpage=\count290
\beamer@animationtempa=\count291
\beamer@animationtempb=\count292
\beamer@xpos=\count293
\beamer@ypos=\count294
\beamer@ypos@offset=\count295
\beamer@showpartnumber=\count296
\beamer@currentsubsection=\count297
\beamer@coveringdepth=\count298
\beamer@sectionadjust=\count299
\beamer@toclastsection=\count300
\beamer@tocsectionnumber=\count301
 (C:\Users\bruno\AppData\Local\Programs\MiKTeX\tex/latex/beamer\beamerbaseoptions.sty (C:\Users\bruno\AppData\Local\Programs\MiKTeX\tex/latex/graphics\keyval.sty
Package: keyval 2026-05-17 v1.15 key=value parser (DPC)
\KV@toks@=\toks17
))
\beamer@paperwidth=\skip50
\beamer@paperheight=\skip51
 (C:\Users\bruno\AppData\Local\Programs\MiKTeX\tex/latex/geometry\geometry.sty
Package: geometry 2026/03/07 v6.0 Page Geometry
 (C:\Users\bruno\AppData\Local\Programs\MiKTeX\tex/generic/iftex\ifvtex.sty
Package: ifvtex 2019/10/25 v1.7 ifvtex legacy package. Use iftex instead.
)
\Gm@cnth=\count302
\Gm@cntv=\count303
\c@Gm@tempcnt=\count304
\Gm@bindingoffset=\dimen166
\Gm@wd@mp=\dimen167
\Gm@odd@mp=\dimen168
\Gm@even@mp=\dimen169
\Gm@layoutwidth=\dimen170
\Gm@layoutheight=\dimen171
\Gm@layouthoffset=\dimen172
\Gm@layoutvoffset=\dimen173
\Gm@dimlist=\toks18
 (C:\Users\bruno\AppData\Local\Programs\MiKTeX\tex/latex/geometry\geometry.cfg)) (C:\Users\bruno\AppData\Local\Programs\MiKTeX\tex/latex/pgf/math\pgfmath.sty (C:\Users\bruno\AppData\Local\Programs\MiKTeX\tex/latex/pgf/utilities\pgfrcs.sty (C:\Users\bruno\AppData\Local\Programs\MiKTeX\tex/generic/pgf/utilities\pgfutil-common.tex
\pgfutil@everybye=\toks19
\pgfutil@tempdima=\dimen174
\pgfutil@tempdimb=\dimen175
) (C:\Users\bruno\AppData\Local\Programs\MiKTeX\tex/generic/pgf/utilities\pgfutil-latex.def
\pgfutil@abb=\box62
) (C:\Users\bruno\AppData\Local\Programs\MiKTeX\tex/generic/pgf/utilities\pgfrcs.code.tex (C:\Users\bruno\AppData\Local\Programs\MiKTeX\tex/generic/pgf\pgf.revision.tex)
Package: pgfrcs 2025-08-29 v3.1.11a (3.1.11a)
)) (C:\Users\bruno\AppData\Local\Programs\MiKTeX\tex/latex/pgf/utilities\pgfkeys.sty (C:\Users\bruno\AppData\Local\Programs\MiKTeX\tex/generic/pgf/utilities\pgfkeys.code.tex
\pgfkeys@pathtoks=\toks20
\pgfkeys@temptoks=\toks21
 (C:\Users\bruno\AppData\Local\Programs\MiKTeX\tex/generic/pgf/utilities\pgfkeyslibraryfiltered.code.tex
\pgfkeys@tmptoks=\toks22
))) (C:\Users\bruno\AppData\Local\Programs\MiKTeX\tex/generic/pgf/math\pgfmath.code.tex (C:\Users\bruno\AppData\Local\Programs\MiKTeX\tex/generic/pgf/math\pgfmathutil.code.tex
\pgf@x=\dimen176
\pgf@xa=\dimen177
\pgf@xb=\dimen178
\pgf@xc=\dimen179
\pgf@y=\dimen180
\pgf@ya=\dimen181
\pgf@yb=\dimen182
\pgf@yc=\dimen183
\c@pgf@counta=\count305
\c@pgf@countb=\count306
\c@pgf@countc=\count307
\c@pgf@countd=\count308
) (C:\Users\bruno\AppData\Local\Programs\MiKTeX\tex/generic/pgf/math\pgfmathparser.code.tex
\pgfmath@dimen=\dimen184
\pgfmath@count=\count309
\pgfmath@box=\box63
\pgfmath@toks=\toks23
\pgfmath@stack@operand=\toks24
\pgfmath@stack@operation=\toks25
) (C:\Users\bruno\AppData\Local\Programs\MiKTeX\tex/generic/pgf/math\pgfmathfunctions.code.tex) (C:\Users\bruno\AppData\Local\Programs\MiKTeX\tex/generic/pgf/math\pgfmathfunctions.basic.code.tex) (C:\Users\bruno\AppData\Local\Programs\MiKTeX\tex/generic/pgf/math\pgfmathfunctions.trigonometric.code.tex) (C:\Users\bruno\AppData\Local\Programs\MiKTeX\tex/generic/pgf/math\pgfmathfunctions.random.code.tex) (C:\Users\bruno\AppData\Local\Programs\MiKTeX\tex/generic/pgf/math\pgfmathfunctions.comparison.code.tex) (C:\Users\bruno\AppData\Local\Programs\MiKTeX\tex/generic/pgf/math\pgfmathfunctions.base.code.tex) (C:\Users\bruno\AppData\Local\Programs\MiKTeX\tex/generic/pgf/math\pgfmathfunctions.round.code.tex) (C:\Users\bruno\AppData\Local\Programs\MiKTeX\tex/generic/pgf/math\pgfmathfunctions.misc.code.tex) (C:\Users\bruno\AppData\Local\Programs\MiKTeX\tex/generic/pgf/math\pgfmathfunctions.integerarithmetics.code.tex) (C:\Users\bruno\AppData\Local\Programs\MiKTeX\tex/generic/pgf/math\pgfmathcalc.code.tex) (C:\Users\bruno\AppData\Local\Programs\MiKTeX\tex/generic/pgf/math\pgfmathfloat.code.tex
\c@pgfmathroundto@lastzeros=\count310
))) (C:\Users\bruno\AppData\Local\Programs\MiKTeX\tex/latex/base\size11.clo
File: size11.clo 2025/01/22 v1.4n Standard LaTeX file (size option)
) (C:\Users\bruno\AppData\Local\Programs\MiKTeX\tex/latex/pgf/basiclayer\pgfcore.sty (C:\Users\bruno\AppData\Local\Programs\MiKTeX\tex/latex/graphics\graphicx.sty
Package: graphicx 2026-05-17 v1.2e Enhanced LaTeX Graphics (DPC,SPQR)
 (C:\Users\bruno\AppData\Local\Programs\MiKTeX\tex/latex/graphics\graphics.sty
Package: graphics 2026-05-17 v1.4h Standard LaTeX Graphics (DPC,SPQR)
 (C:\Users\bruno\AppData\Local\Programs\MiKTeX\tex/latex/graphics\trig.sty
Package: trig 2023/12/02 v1.11 sin cos tan (DPC)
) (C:\Users\bruno\AppData\Local\Programs\MiKTeX\tex/latex/graphics-cfg\graphics.cfg
File: graphics.cfg 2016/06/04 v1.11 sample graphics configuration
)
Package graphics Info: Driver file: pdftex.def on input line 106.
 (C:\Users\bruno\AppData\Local\Programs\MiKTeX\tex/latex/graphics-def\pdftex.def
File: pdftex.def 2025/09/29 v1.2d Graphics/color driver for pdftex
))
\Gin@req@height=\dimen185
\Gin@req@width=\dimen186
) (C:\Users\bruno\AppData\Local\Programs\MiKTeX\tex/latex/pgf/systemlayer\pgfsys.sty (C:\Users\bruno\AppData\Local\Programs\MiKTeX\tex/generic/pgf/systemlayer\pgfsys.code.tex
Package: pgfsys 2025-08-29 v3.1.11a (3.1.11a)
\pgf@x=\dimen187
\pgf@y=\dimen188
\pgf@xa=\dimen189
\pgf@ya=\dimen190
\pgf@xb=\dimen191
\pgf@yb=\dimen192
\pgf@xc=\dimen193
\pgf@yc=\dimen194
\pgf@xd=\dimen195
\pgf@yd=\dimen196
\w@pgf@writea=\write3
\r@pgf@reada=\read2
\c@pgf@counta=\count311
\c@pgf@countb=\count312
\c@pgf@countc=\count313
\c@pgf@countd=\count314
\t@pgf@toka=\toks26
\t@pgf@tokb=\toks27
\t@pgf@tokc=\toks28
\pgf@sys@id@count=\count315
 (C:\Users\bruno\AppData\Local\Programs\MiKTeX\tex/generic/pgf/systemlayer\pgf.cfg
File: pgf.cfg 2025-08-29 v3.1.11a (3.1.11a)
)
Driver file for pgf: pgfsys-pdftex.def
 (C:\Users\bruno\AppData\Local\Programs\MiKTeX\tex/generic/pgf/systemlayer\pgfsys-pdftex.def
File: pgfsys-pdftex.def 2025-08-29 v3.1.11a (3.1.11a)
 (C:\Users\bruno\AppData\Local\Programs\MiKTeX\tex/generic/pgf/systemlayer\pgfsys-common-pdf.def
File: pgfsys-common-pdf.def 2025-08-29 v3.1.11a (3.1.11a)
))) (C:\Users\bruno\AppData\Local\Programs\MiKTeX\tex/generic/pgf/systemlayer\pgfsyssoftpath.code.tex
File: pgfsyssoftpath.code.tex 2025-08-29 v3.1.11a (3.1.11a)
\pgfsyssoftpath@smallbuffer@items=\count316
\pgfsyssoftpath@bigbuffer@items=\count317
) (C:\Users\bruno\AppData\Local\Programs\MiKTeX\tex/generic/pgf/systemlayer\pgfsysprotocol.code.tex
File: pgfsysprotocol.code.tex 2025-08-29 v3.1.11a (3.1.11a)
)) (C:\Users\bruno\AppData\Local\Programs\MiKTeX\tex/latex/xcolor\xcolor.sty
Package: xcolor 2024/09/29 v3.02 LaTeX color extensions (UK)
 (C:\Users\bruno\AppData\Local\Programs\MiKTeX\tex/latex/graphics-cfg\color.cfg
File: color.cfg 2016/01/02 v1.6 sample color configuration
)
Package xcolor Info: Driver file: pdftex.def on input line 274.
 (C:\Users\bruno\AppData\Local\Programs\MiKTeX\tex/latex/graphics\mathcolor.ltx)
Package xcolor Info: Model `cmy' substituted by `cmy0' on input line 1349.
Package xcolor Info: Model `hsb' substituted by `rgb' on input line 1353.
Package xcolor Info: Model `RGB' extended on input line 1365.
Package xcolor Info: Model `HTML' substituted by `rgb' on input line 1367.
Package xcolor Info: Model `Hsb' substituted by `hsb' on input line 1368.
Package xcolor Info: Model `tHsb' substituted by `hsb' on input line 1369.
Package xcolor Info: Model `HSB' substituted by `hsb' on input line 1370.
Package xcolor Info: Model `Gray' substituted by `gray' on input line 1371.
Package xcolor Info: Model `wave' substituted by `hsb' on input line 1372.
) (C:\Users\bruno\AppData\Local\Programs\MiKTeX\tex/generic/pgf/basiclayer\pgfcore.code.tex
Package: pgfcore 2025-08-29 v3.1.11a (3.1.11a)
 (C:\Users\bruno\AppData\Local\Programs\MiKTeX\tex/generic/pgf/math\pgfint.code.tex) (C:\Users\bruno\AppData\Local\Programs\MiKTeX\tex/generic/pgf/basiclayer\pgfcorepoints.code.tex
File: pgfcorepoints.code.tex 2025-08-29 v3.1.11a (3.1.11a)
\pgf@picminx=\dimen197
\pgf@picmaxx=\dimen198
\pgf@picminy=\dimen199
\pgf@picmaxy=\dimen256
\pgf@pathminx=\dimen257
\pgf@pathmaxx=\dimen258
\pgf@pathminy=\dimen259
\pgf@pathmaxy=\dimen260
\pgf@xx=\dimen261
\pgf@xy=\dimen262
\pgf@yx=\dimen263
\pgf@yy=\dimen264
\pgf@zx=\dimen265
\pgf@zy=\dimen266
) (C:\Users\bruno\AppData\Local\Programs\MiKTeX\tex/generic/pgf/basiclayer\pgfcorepathconstruct.code.tex
File: pgfcorepathconstruct.code.tex 2025-08-29 v3.1.11a (3.1.11a)
\pgf@path@lastx=\dimen267
\pgf@path@lasty=\dimen268
) (C:\Users\bruno\AppData\Local\Programs\MiKTeX\tex/generic/pgf/basiclayer\pgfcorepathusage.code.tex
File: pgfcorepathusage.code.tex 2025-08-29 v3.1.11a (3.1.11a)
\pgf@shorten@end@additional=\dimen269
\pgf@shorten@start@additional=\dimen270
) (C:\Users\bruno\AppData\Local\Programs\MiKTeX\tex/generic/pgf/basiclayer\pgfcorescopes.code.tex
File: pgfcorescopes.code.tex 2025-08-29 v3.1.11a (3.1.11a)
\pgfpic=\box64
\pgf@hbox=\box65
\pgf@layerbox@main=\box66
\pgf@picture@serial@count=\count318
) (C:\Users\bruno\AppData\Local\Programs\MiKTeX\tex/generic/pgf/basiclayer\pgfcoregraphicstate.code.tex
File: pgfcoregraphicstate.code.tex 2025-08-29 v3.1.11a (3.1.11a)
\pgflinewidth=\dimen271
) (C:\Users\bruno\AppData\Local\Programs\MiKTeX\tex/generic/pgf/basiclayer\pgfcoretransformations.code.tex
File: pgfcoretransformations.code.tex 2025-08-29 v3.1.11a (3.1.11a)
\pgf@pt@x=\dimen272
\pgf@pt@y=\dimen273
\pgf@pt@temp=\dimen274
) (C:\Users\bruno\AppData\Local\Programs\MiKTeX\tex/generic/pgf/basiclayer\pgfcorequick.code.tex
File: pgfcorequick.code.tex 2025-08-29 v3.1.11a (3.1.11a)
) (C:\Users\bruno\AppData\Local\Programs\MiKTeX\tex/generic/pgf/basiclayer\pgfcoreobjects.code.tex
File: pgfcoreobjects.code.tex 2025-08-29 v3.1.11a (3.1.11a)
) (C:\Users\bruno\AppData\Local\Programs\MiKTeX\tex/generic/pgf/basiclayer\pgfcorepathprocessing.code.tex
File: pgfcorepathprocessing.code.tex 2025-08-29 v3.1.11a (3.1.11a)
) (C:\Users\bruno\AppData\Local\Programs\MiKTeX\tex/generic/pgf/basiclayer\pgfcorearrows.code.tex
File: pgfcorearrows.code.tex 2025-08-29 v3.1.11a (3.1.11a)
\pgfarrowsep=\dimen275
) (C:\Users\bruno\AppData\Local\Programs\MiKTeX\tex/generic/pgf/basiclayer\pgfcoreshade.code.tex
File: pgfcoreshade.code.tex 2025-08-29 v3.1.11a (3.1.11a)
\pgf@max=\dimen276
\pgf@sys@shading@range@num=\count319
\pgf@shadingcount=\count320
) (C:\Users\bruno\AppData\Local\Programs\MiKTeX\tex/generic/pgf/basiclayer\pgfcoreimage.code.tex
File: pgfcoreimage.code.tex 2025-08-29 v3.1.11a (3.1.11a)
) (C:\Users\bruno\AppData\Local\Programs\MiKTeX\tex/generic/pgf/basiclayer\pgfcoreexternal.code.tex
File: pgfcoreexternal.code.tex 2025-08-29 v3.1.11a (3.1.11a)
\pgfexternal@startupbox=\box67
) (C:\Users\bruno\AppData\Local\Programs\MiKTeX\tex/generic/pgf/basiclayer\pgfcorelayers.code.tex
File: pgfcorelayers.code.tex 2025-08-29 v3.1.11a (3.1.11a)
) (C:\Users\bruno\AppData\Local\Programs\MiKTeX\tex/generic/pgf/basiclayer\pgfcoretransparency.code.tex
File: pgfcoretransparency.code.tex 2025-08-29 v3.1.11a (3.1.11a)
) (C:\Users\bruno\AppData\Local\Programs\MiKTeX\tex/generic/pgf/basiclayer\pgfcorepatterns.code.tex
File: pgfcorepatterns.code.tex 2025-08-29 v3.1.11a (3.1.11a)
) (C:\Users\bruno\AppData\Local\Programs\MiKTeX\tex/generic/pgf/basiclayer\pgfcorerdf.code.tex
File: pgfcorerdf.code.tex 2025-08-29 v3.1.11a (3.1.11a)
))) (C:\Users\bruno\AppData\Local\Programs\MiKTeX\tex/latex/pgf/utilities\xxcolor.sty
Package: xxcolor 2003/10/24 ver 0.1
\XC@nummixins=\count321
\XC@countmixins=\count322
) (C:\Users\bruno\AppData\Local\Programs\MiKTeX\tex/latex/base\atbegshi-ltx.sty
Package: atbegshi-ltx 2021/01/10 v1.0c Emulation of the original atbegshi
package with kernel methods
) (C:\Users\bruno\AppData\Local\Programs\MiKTeX\tex/latex/hyperref\hyperref.sty
Package: hyperref 2026-06-17 v7.01r Hypertext links for LaTeX
 (C:\Users\bruno\AppData\Local\Programs\MiKTeX\tex/latex/kvsetkeys\kvsetkeys.sty
Package: kvsetkeys 2022-10-05 v1.19 Key value parser (HO)
) (C:\Users\bruno\AppData\Local\Programs\MiKTeX\tex/generic/kvdefinekeys\kvdefinekeys.sty
Package: kvdefinekeys 2019-12-19 v1.6 Define keys (HO)
) (C:\Users\bruno\AppData\Local\Programs\MiKTeX\tex/generic/pdfescape\pdfescape.sty
Package: pdfescape 2019/12/09 v1.15 Implements pdfTeX's escape features (HO)
 (C:\Users\bruno\AppData\Local\Programs\MiKTeX\tex/generic/ltxcmds\ltxcmds.sty
Package: ltxcmds 2023-12-04 v1.26 LaTeX kernel commands for general use (HO)
) (C:\Users\bruno\AppData\Local\Programs\MiKTeX\tex/generic/pdftexcmds\pdftexcmds.sty
Package: pdftexcmds 2020-06-27 v0.33 Utility functions of pdfTeX for LuaTeX (HO)
 (C:\Users\bruno\AppData\Local\Programs\MiKTeX\tex/generic/infwarerr\infwarerr.sty
Package: infwarerr 2019/12/03 v1.5 Providing info/warning/error messages (HO)
)
Package pdftexcmds Info: \pdf@primitive is available.
Package pdftexcmds Info: \pdf@ifprimitive is available.
Package pdftexcmds Info: \pdfdraftmode found.
)) (C:\Users\bruno\AppData\Local\Programs\MiKTeX\tex/latex/hycolor\hycolor.sty
Package: hycolor 2020-01-27 v1.10 Color options for hyperref/bookmark (HO)
) (C:\Users\bruno\AppData\Local\Programs\MiKTeX\tex/latex/hyperref\nameref.sty
Package: nameref 2026-01-29 v2.58 Cross-referencing by name of section
 (C:\Users\bruno\AppData\Local\Programs\MiKTeX\tex/latex/refcount\refcount.sty
Package: refcount 2019/12/15 v3.6 Data extraction from label references (HO)
) (C:\Users\bruno\AppData\Local\Programs\MiKTeX\tex/generic/gettitlestring\gettitlestring.sty
Package: gettitlestring 2019/12/15 v1.6 Cleanup title references (HO)
 (C:\Users\bruno\AppData\Local\Programs\MiKTeX\tex/latex/kvoptions\kvoptions.sty
Package: kvoptions 2022-06-15 v3.15 Key value format for package options (HO)
))
\c@section@level=\count323
) (C:\Users\bruno\AppData\Local\Programs\MiKTeX\tex/generic/stringenc\stringenc.sty
Package: stringenc 2019/11/29 v1.12 Convert strings between diff. encodings (HO)
)
\@linkdim=\dimen277
\Hy@linkcounter=\count324
\Hy@pagecounter=\count325
 (C:\Users\bruno\AppData\Local\Programs\MiKTeX\tex/latex/hyperref\pd1enc.def
File: pd1enc.def 2026-06-17 v7.01r Hyperref: PDFDocEncoding definition (HO)
Now handling font encoding PD1 ...
... no UTF-8 mapping file for font encoding PD1
) (C:\Users\bruno\AppData\Local\Programs\MiKTeX\tex/generic/intcalc\intcalc.sty
Package: intcalc 2019/12/15 v1.3 Expandable calculations with integers (HO)
)
\Hy@SavedSpaceFactor=\count326
 (C:\Users\bruno\AppData\Local\Programs\MiKTeX\tex/latex/hyperref\puenc.def
File: puenc.def 2026-06-17 v7.01r Hyperref: PDF Unicode definition (HO)
Now handling font encoding PU ...
... no UTF-8 mapping file for font encoding PU
)
Package hyperref Info: Option `bookmarks' set `true' on input line 4070.
Package hyperref Info: Option `bookmarksopen' set `true' on input line 4070.
Package hyperref Info: Option `implicit' set `false' on input line 4070.
Package hyperref Info: Hyper figures OFF on input line 4199.
Package hyperref Info: Link nesting OFF on input line 4204.
Package hyperref Info: Hyper index ON on input line 4207.
Package hyperref Info: Plain pages OFF on input line 4214.
Package hyperref Info: Backreferencing OFF on input line 4219.
Package hyperref Info: Implicit mode OFF; no redefinition of LaTeX internals.
Package hyperref Info: Bookmarks ON on input line 4466.
\c@Hy@tempcnt=\count327
 (C:\Users\bruno\AppData\Local\Programs\MiKTeX\tex/latex/url\url.sty
\Urlmuskip=\muskip17
Package: url 2013/09/16  ver 3.4  Verb mode for urls, etc.
)
LaTeX Info: Redefining \url on input line 4805.
\XeTeXLinkMargin=\dimen278
 (C:\Users\bruno\AppData\Local\Programs\MiKTeX\tex/generic/bitset\bitset.sty
Package: bitset 2019/12/09 v1.3 Handle bit-vector datatype (HO)
 (C:\Users\bruno\AppData\Local\Programs\MiKTeX\tex/generic/bigintcalc\bigintcalc.sty
Package: bigintcalc 2019/12/15 v1.5 Expandable calculations on big integers (HO)
))
\Fld@menulength=\count328
\Field@Width=\dimen279
\Fld@charsize=\dimen280
Package hyperref Info: Hyper figures OFF on input line 6091.
Package hyperref Info: Link nesting OFF on input line 6096.
Package hyperref Info: Hyper index ON on input line 6099.
Package hyperref Info: backreferencing OFF on input line 6106.
Package hyperref Info: Link coloring OFF on input line 6111.
Package hyperref Info: Link coloring with OCG OFF on input line 6116.
Package hyperref Info: PDF/A mode OFF on input line 6121.
\Hy@abspage=\count329


Package hyperref Message: Stopped early.

)
Package hyperref Info: Driver (autodetected): hpdftex.
 (C:\Users\bruno\AppData\Local\Programs\MiKTeX\tex/latex/hyperref\hpdftex.def
File: hpdftex.def 2026-06-17 v7.01r Hyperref driver for pdfTeX
\Fld@listcount=\count330
\c@bookmark@seq@number=\count331
 (C:\Users\bruno\AppData\Local\Programs\MiKTeX\tex/latex/rerunfilecheck\rerunfilecheck.sty
Package: rerunfilecheck 2025-06-21 v1.11 Rerun checks for auxiliary files (HO)
 (C:\Users\bruno\AppData\Local\Programs\MiKTeX\tex/generic/uniquecounter\uniquecounter.sty
Package: uniquecounter 2019/12/15 v1.4 Provide unlimited unique counter (HO)
)
Package uniquecounter Info: New unique counter `rerunfilecheck' on input line 284.
)) (C:\Users\bruno\AppData\Local\Programs\MiKTeX\tex/latex/beamer\beamerbaserequires.sty (C:\Users\bruno\AppData\Local\Programs\MiKTeX\tex/latex/beamer\beamerbasecompatibility.sty) (C:\Users\bruno\AppData\Local\Programs\MiKTeX\tex/latex/beamer\beamerbasefont.sty (C:\Users\bruno\AppData\Local\Programs\MiKTeX\tex/latex/amsfonts\amssymb.sty
Package: amssymb 2013/01/14 v3.01 AMS font symbols
 (C:\Users\bruno\AppData\Local\Programs\MiKTeX\tex/latex/amsfonts\amsfonts.sty
Package: amsfonts 2013/01/14 v3.01 Basic AMSFonts support
\@emptytoks=\toks29
\symAMSa=\mathgroup4
\symAMSb=\mathgroup5
LaTeX Font Info:    Redeclaring math symbol \hbar on input line 98.
LaTeX Font Info:    Overwriting math alphabet `\mathfrak' in version `bold'
(Font)                  U/euf/m/n --> U/euf/b/n on input line 106.
)) (C:\Users\bruno\AppData\Local\Programs\MiKTeX\tex/latex/sansmathaccent\sansmathaccent.sty
Package: sansmathaccent 2020/01/31
 (C:\Users\bruno\AppData\Local\Programs\MiKTeX\tex/latex/koma-script\scrlfile.sty
Package: scrlfile 2026/02/02 v3.49.2 KOMA-Script package (file load hooks)
 (C:\Users\bruno\AppData\Local\Programs\MiKTeX\tex/latex/koma-script\scrlfile-hook.sty
Package: scrlfile-hook 2026/02/02 v3.49.2 KOMA-Script package (using LaTeX hooks)
 (C:\Users\bruno\AppData\Local\Programs\MiKTeX\tex/latex/koma-script\scrlogo.sty
Package: scrlogo 2026/02/02 v3.49.2 KOMA-Script package (logo)
))))) (C:\Users\bruno\AppData\Local\Programs\MiKTeX\tex/latex/beamer\beamerbasetranslator.sty (C:\Users\bruno\AppData\Local\Programs\MiKTeX\tex/latex/translator\translator.sty
Package: translator 2021-05-31 v1.12d Easy translation of strings in LaTeX
)) (C:\Users\bruno\AppData\Local\Programs\MiKTeX\tex/latex/beamer\beamerbasemisc.sty) (C:\Users\bruno\AppData\Local\Programs\MiKTeX\tex/latex/beamer\beamerbasetwoscreens.sty) (C:\Users\bruno\AppData\Local\Programs\MiKTeX\tex/latex/beamer\beamerbaseoverlay.sty
\beamer@argscount=\count332
\beamer@lastskipcover=\skip52
\beamer@trivlistdepth=\count333
) (C:\Users\bruno\AppData\Local\Programs\MiKTeX\tex/latex/beamer\beamerbasetitle.sty) (C:\Users\bruno\AppData\Local\Programs\MiKTeX\tex/latex/beamer\beamerbasesection.sty
\c@lecture=\count334
\c@part=\count335
\c@section=\count336
\c@subsection=\count337
\c@subsubsection=\count338
) (C:\Users\bruno\AppData\Local\Programs\MiKTeX\tex/latex/beamer\beamerbaseframe.sty
\beamer@framebox=\box68
\beamer@frametitlebox=\box69
\beamer@zoombox=\box70
\beamer@zoomcount=\count339
\beamer@zoomframecount=\count340
\beamer@frametextheight=\dimen281
\c@subsectionslide=\count341
\beamer@frametopskip=\skip53
\beamer@framebottomskip=\skip54
\beamer@frametopskipautobreak=\skip55
\beamer@framebottomskipautobreak=\skip56
\beamer@envbody=\toks30
\framewidth=\dimen282
\c@framenumber=\count342
) (C:\Users\bruno\AppData\Local\Programs\MiKTeX\tex/latex/beamer\beamerbaseverbatim.sty
\beamer@verbatimfileout=\write4
) (C:\Users\bruno\AppData\Local\Programs\MiKTeX\tex/latex/beamer\beamerbaseframesize.sty
\beamer@splitbox=\box71
\beamer@autobreakcount=\count343
\beamer@autobreaklastheight=\dimen283
\beamer@frametitletoks=\toks31
\beamer@framesubtitletoks=\toks32
) (C:\Users\bruno\AppData\Local\Programs\MiKTeX\tex/latex/beamer\beamerbaseframecomponents.sty
\beamer@colheight=\skip57
\beamer@footins=\box72
) (C:\Users\bruno\AppData\Local\Programs\MiKTeX\tex/latex/beamer\beamerbasecolor.sty) (C:\Users\bruno\AppData\Local\Programs\MiKTeX\tex/latex/beamer\beamerbasenotes.sty
\beamer@frameboxcopy=\box73
) (C:\Users\bruno\AppData\Local\Programs\MiKTeX\tex/latex/beamer\beamerbasetoc.sty) (C:\Users\bruno\AppData\Local\Programs\MiKTeX\tex/latex/beamer\beamerbasetemplates.sty
\beamer@sbttoks=\toks33
 (C:\Users\bruno\AppData\Local\Programs\MiKTeX\tex/latex/beamer\beamerbaseauxtemplates.sty (C:\Users\bruno\AppData\Local\Programs\MiKTeX\tex/latex/beamer\beamerbaseboxes.sty
\bmb@box=\box74
\bmb@colorbox=\box75
\bmb@boxwidth=\dimen284
\bmb@boxheight=\dimen285
\bmb@prevheight=\dimen286
\bmb@temp=\dimen287
\bmb@dima=\dimen288
\bmb@dimb=\dimen289
\bmb@prevheight=\dimen290
)
\beamer@blockheadheight=\dimen291
)) (C:\Users\bruno\AppData\Local\Programs\MiKTeX\tex/latex/beamer\beamerbaselocalstructure.sty (C:\Users\bruno\AppData\Local\Programs\MiKTeX\tex/latex/tools\enumerate.sty
Package: enumerate 2023/07/04 v3.00 enumerate extensions (DPC)
\@enLab=\toks34
)
\beamer@bibiconwidth=\skip58
\c@figure=\count344
\c@table=\count345
\abovecaptionskip=\skip59
\belowcaptionskip=\skip60
) (C:\Users\bruno\AppData\Local\Programs\MiKTeX\tex/latex/beamer\beamerbasenavigation.sty (C:\Users\bruno\AppData\Local\Programs\MiKTeX\tex/latex/beamer\beamerbasenavigationsymbols.tex)
\beamer@section@min@dim=\dimen292
) (C:\Users\bruno\AppData\Local\Programs\MiKTeX\tex/latex/beamer\beamerbasetheorems.sty (C:\Users\bruno\AppData\Local\Programs\MiKTeX\tex/latex/amsmath\amsmath.sty
Package: amsmath 2026/05/19 v2.18d AMS math features
\@mathmargin=\skip61

For additional information on amsmath, use the `?' option.
(C:\Users\bruno\AppData\Local\Programs\MiKTeX\tex/latex/amsmath\amstext.sty
Package: amstext 2024/11/17 v2.01 AMS text
 (C:\Users\bruno\AppData\Local\Programs\MiKTeX\tex/latex/amsmath\amsgen.sty
File: amsgen.sty 1999/11/30 v2.0 generic functions
\@emptytoks=\toks35
\ex@=\dimen293
)) (C:\Users\bruno\AppData\Local\Programs\MiKTeX\tex/latex/amsmath\amsbsy.sty
Package: amsbsy 1999/11/29 v1.2d Bold Symbols
\pmbraise@=\dimen294
) (C:\Users\bruno\AppData\Local\Programs\MiKTeX\tex/latex/amsmath\amsopn.sty
Package: amsopn 2022/04/08 v2.04 operator names
)
\inf@bad=\count346
LaTeX Info: Redefining \frac on input line 233.
\uproot@=\count347
\leftroot@=\count348
LaTeX Info: Redefining \overline on input line 398.
LaTeX Info: Redefining \colon on input line 409.
\classnum@=\count349
\DOTSCASE@=\count350
LaTeX Info: Redefining \ldots on input line 495.
LaTeX Info: Redefining \dots on input line 498.
LaTeX Info: Redefining \cdots on input line 619.
\Mathstrutbox@=\box76
\strutbox@=\box77
LaTeX Info: Redefining \big on input line 721.
LaTeX Info: Redefining \Big on input line 722.
LaTeX Info: Redefining \bigg on input line 723.
LaTeX Info: Redefining \Bigg on input line 724.
\big@size=\dimen295
LaTeX Font Info:    Redeclaring font encoding OML on input line 742.
LaTeX Font Info:    Redeclaring font encoding OMS on input line 743.
\macc@depth=\count351
LaTeX Info: Redefining \bmod on input line 904.
LaTeX Info: Redefining \pmod on input line 909.
LaTeX Info: Redefining \smash on input line 939.
LaTeX Info: Redefining \relbar on input line 969.
LaTeX Info: Redefining \Relbar on input line 970.
\c@MaxMatrixCols=\count352
\dotsspace@=\muskip18
\c@parentequation=\count353
\dspbrk@lvl=\count354
\tag@help=\toks36
\row@=\count355
\column@=\count356
\maxfields@=\count357
\andhelp@=\toks37
\eqnshift@=\dimen296
\alignsep@=\dimen297
\tagshift@=\dimen298
\tagwidth@=\dimen299
\totwidth@=\dimen300
\lineht@=\dimen301
\@envbody=\toks38
\multlinegap=\skip62
\multlinetaggap=\skip63
\mathdisplay@stack=\toks39
LaTeX Info: Redefining \[ on input line 2965.
LaTeX Info: Redefining \] on input line 2966.
) (C:\Users\bruno\AppData\Local\Programs\MiKTeX\tex/latex/amscls\amsthm.sty
Package: amsthm 2020/05/29 v2.20.6
\thm@style=\toks40
\thm@bodyfont=\toks41
\thm@headfont=\toks42
\thm@notefont=\toks43
\thm@headpunct=\toks44
\thm@preskip=\skip64
\thm@postskip=\skip65
\thm@headsep=\skip66
\dth@everypar=\toks45
)
\c@theorem=\count358
) (C:\Users\bruno\AppData\Local\Programs\MiKTeX\tex/latex/beamer\beamerbasethemes.sty)) (C:\Users\bruno\AppData\Local\Programs\MiKTeX\tex/latex/beamer\beamerthemedefault.sty (C:\Users\bruno\AppData\Local\Programs\MiKTeX\tex/latex/beamer\beamerfontthemedefault.sty) (C:\Users\bruno\AppData\Local\Programs\MiKTeX\tex/latex/beamer\beamercolorthemedefault.sty) (C:\Users\bruno\AppData\Local\Programs\MiKTeX\tex/latex/beamer\beamerinnerthemedefault.sty
\beamer@dima=\dimen302
\beamer@dimb=\dimen303
) (C:\Users\bruno\AppData\Local\Programs\MiKTeX\tex/latex/beamer\beamerouterthemedefault.sty))) (C:\Users\bruno\AppData\Local\Programs\MiKTeX\tex/latex/beamer\beamerthemeBoadilla.sty (C:\Users\bruno\AppData\Local\Programs\MiKTeX\tex/latex/beamer\beamercolorthemerose.sty) (C:\Users\bruno\AppData\Local\Programs\MiKTeX\tex/latex/beamer\beamerinnerthemerounded.sty) (C:\Users\bruno\AppData\Local\Programs\MiKTeX\tex/latex/beamer\beamercolorthemedolphin.sty) (C:\Users\bruno\AppData\Local\Programs\MiKTeX\tex/latex/beamer\beamerouterthemeinfolines.sty)) (C:\Users\bruno\AppData\Local\Programs\MiKTeX\tex/latex/base\inputenc.sty
Package: inputenc 2024/02/08 v1.3d Input encoding file
\inpenc@prehook=\toks46
\inpenc@posthook=\toks47
) (C:\Users\bruno\AppData\Local\Programs\MiKTeX\tex/latex/base\fontenc.sty
Package: fontenc 2025/07/18 v2.1d Standard LaTeX package
) (C:\Users\bruno\AppData\Local\Programs\MiKTeX\tex/latex/caption\subcaption.sty
Package: subcaption 2023/07/28 v1.6b Sub-captions (AR)
 (C:\Users\bruno\AppData\Local\Programs\MiKTeX\tex/latex/caption\caption.sty
Package: caption 2023/08/05 v3.6o Customizing captions (AR)
 (C:\Users\bruno\AppData\Local\Programs\MiKTeX\tex/latex/caption\caption3.sty
Package: caption3 2023/07/31 v2.4d caption3 kernel (AR)
\caption@tempdima=\dimen304
\captionmargin=\dimen305
\caption@leftmargin=\dimen306
\caption@rightmargin=\dimen307
\caption@width=\dimen308
\caption@indent=\dimen309
\caption@parindent=\dimen310
\caption@hangindent=\dimen311
Package caption Info: beamer document class detected.
 (C:\Users\bruno\AppData\Local\Programs\MiKTeX\tex/latex/caption\caption-beamer.sto
File: caption-beamer.sto 2022/01/06 v2.0c Adaption of the caption package to the beamer document classes (AR)
))
\c@caption@flags=\count359
\c@continuedfloat=\count360
Package caption Info: hyperref package is loaded.
Package caption Info: Hyperref support is turned off
(caption)             because hyperref has stopped early.
)
Package caption Info: New subtype `subfigure' on input line 238.
\c@subfigure=\count361
Package caption Info: New subtype `subtable' on input line 238.
\c@subtable=\count362
) (C:\Users\bruno\AppData\Local\Programs\MiKTeX\tex/latex/animate\animate.sty
Package: animate 2024/10/14 PDF & SVG animations from files and inline graphics
 (C:\Users\bruno\AppData\Local\Programs\MiKTeX\tex/latex/base\ifthen.sty
Package: ifthen 2024/03/16 v1.1e Standard LaTeX ifthen package (DPC)
) (C:\Users\bruno\AppData\Local\Programs\MiKTeX\tex/latex/oberdiek\ifdraft.sty
Package: ifdraft 2016/05/16 v1.4 Detect class options draft and final (HO)
) (C:\Users\bruno\AppData\Local\Programs\MiKTeX\tex/latex/tools\calc.sty
Package: calc 2025/03/01 v4.3b Infix arithmetic (KKT,FJ)
\calc@Acount=\count363
\calc@Bcount=\count364
\calc@Adimen=\dimen312
\calc@Bdimen=\dimen313
\calc@Askip=\skip67
\calc@Bskip=\skip68
LaTeX Info: Redefining \setlength on input line 86.
LaTeX Info: Redefining \addtolength on input line 87.
\calc@Ccount=\count365
\calc@Cskip=\skip69
) (C:\Users\bruno\AppData\Local\Programs\MiKTeX\tex/latex/media9\pdfbase.sty
Package: pdfbase 2024/09/16 v0.59 driver independent access to low-level PDF features
 (C:\Users\bruno\AppData\Local\Programs\MiKTeX\tex/latex/l3backend\l3backend-pdftex.def
File: l3backend-pdftex.def 2026-02-18 L3 backend support: PDF output (pdfTeX)
\l__color_backend_stack_int=\count366
)
\g_pbs_page_int=\count367
\g_pbs_oc_int=\count368
) (C:\Users\bruno\AppData\Local\Programs\MiKTeX\tex/latex/zref\zref-abspage.sty
Package: zref-abspage 2026-03-07 v2.37 Module abspage for zref (HO)
 (C:\Users\bruno\AppData\Local\Programs\MiKTeX\tex/latex/zref\zref-base.sty
Package: zref-base 2026-03-07 v2.37 Module base for zref (HO)
 (C:\Users\bruno\AppData\Local\Programs\MiKTeX\tex/generic/etexcmds\etexcmds.sty
Package: etexcmds 2019/12/15 v1.7 Avoid name clashes with e-TeX commands (HO)
) (C:\Users\bruno\AppData\Local\Programs\MiKTeX\tex/latex/auxhook\auxhook.sty
Package: auxhook 2019-12-17 v1.6 Hooks for auxiliary files (HO)
)
Package zref Info: New property list: main on input line 767.
Package zref Info: New property: default on input line 768.
Package zref Info: New property: page on input line 769.
)
\c@abspage=\count369
Package zref Info: New property: abspage on input line 67.
) (C:\Users\bruno\AppData\Local\Programs\MiKTeX\tex/latex/ocgx2\ocgbase.sty
Package: ocgbase 2024/09/15 v0.24 support package for ocgx2.sty
)
\@anim@box=\box78
\@anim@measbox=\box79
\@anim@tmpdima=\dimen314
\@anim@tmpdimb=\dimen315
\@anim@num=\count370
\@anim@curframe=\count371
\@anim@curframe@zb=\count372
\@anim@resizeflags=\count373
\@anim@skipfram=\count374
\@anim@mulframecnt=\count375
\@anim@@tmlnfile=\read3
\@anim@tmpcnt=\count376
\c@@anim@ltxcnt=\count377
\@anim@curlayer=\count378
\@anim@lineno=\count379
\@anim@curfield=\count380
\@anim@@resizeflags=\count381
) (C:\Users\bruno\AppData\Local\Programs\MiKTeX\tex/generic/babel\babel.sty
Package: babel 2026/06/14 v26.9 The multilingual framework for LuaLaTeX, pdfLaTeX and XeLaTeX
\babel@savecnt=\count382
LaTeX Encoding Info:    Redeclaring text command \ij (encoding OT1) on input line 2084.
LaTeX Encoding Info:    Redeclaring text command \IJ (encoding OT1) on input line 2086.
LaTeX Encoding Info:    Redeclaring text command \ij (encoding T1) on input line 2088.
LaTeX Encoding Info:    Redeclaring text command \IJ (encoding T1) on input line 2089.
LaTeX Encoding Info:    Ignoring declaration for text command \ij (encoding ?) on input line 2090.
LaTeX Encoding Info:    Ignoring declaration for text command \IJ (encoding ?) on input line 2092.
LaTeX Encoding Info:    Ignoring declaration for text command \SS (encoding ?) on input line 2117.
\U@D=\dimen316
\l@unhyphenated=\language79
 (C:\Users\bruno\AppData\Local\Programs\MiKTeX\tex/generic/babel\txtbabel.def)
\bbl@readstream=\read4
LaTeX Info: Redefining \textlatin on input line 3999.
\bbl@dirlevel=\count383
Package babel Info: Configuration files are deprecated, as
(babel)             they can break document portability.
(babel)             Reported on input line 4252.

*************************************
* Local config file bblopts.cfg used
*
(C:\Users\bruno\AppData\Local\Programs\MiKTeX\tex/latex/arabi\bblopts.cfg
File: bblopts.cfg 2005/09/08 v0.1 add Arabic and Farsi to "declared" options of babel
) (C:\Users\bruno\AppData\Local\Programs\MiKTeX\tex/generic/babel/locale/en\babel-english.tex)
Package babel Info: Importing font and identification data for 'english'
(babel)             from babel-en.ini. Reported on input line 4380.
 (C:\Users\bruno\AppData\Local\Programs\MiKTeX\tex/latex/babel-english\english.ldf
Language: english 2017/06/06 v3.3r English support from the babel system
Package babel Info: Hyphen rules for 'canadian' set to \l@english
(babel)             (\language0). Reported on input line 102.
Package babel Info: Hyphen rules for 'australian' set to \l@ukenglish
(babel)             (\language73). Reported on input line 105.
Package babel Info: Hyphen rules for 'newzealand' set to \l@ukenglish
(babel)             (\language73). Reported on input line 108.
)) (C:\Users\bruno\AppData\Local\Programs\MiKTeX\tex/latex/mathtools\mathtools.sty
Package: mathtools 2024/10/04 v1.31 mathematical typesetting tools
 (C:\Users\bruno\AppData\Local\Programs\MiKTeX\tex/latex/mathtools\mhsetup.sty
Package: mhsetup 2021/03/18 v1.4 programming setup (MH)
)
\g_MT_multlinerow_int=\count384
\l_MT_multwidth_dim=\dimen317
\origjot=\skip70
\l_MT_shortvdotswithinadjustabove_dim=\dimen318
\l_MT_shortvdotswithinadjustbelow_dim=\dimen319
\l_MT_above_intertext_sep=\dimen320
\l_MT_below_intertext_sep=\dimen321
\l_MT_above_shortintertext_sep=\dimen322
\l_MT_below_shortintertext_sep=\dimen323
\xmathstrut@box=\box80
\xmathstrut@dim=\dimen324
)
\sympureletters=\mathgroup6
LaTeX Font Info:    Overwriting symbol font `pureletters' in version `bold'
(Font)                  OT1/mathkerncmss/m/sl --> OT1/mathkerncmss/bx/sl on input line 35.
 (C:\Users\bruno\AppData\Local\Programs\MiKTeX\tex/latex/tools\bm.sty
Package: bm 2025/10/21 v1.2g Bold Symbol Support (DPC/FMi)
\symboldoperators=\mathgroup7
\symboldletters=\mathgroup8
\symboldsymbols=\mathgroup9
Package bm Info: No bold for \OMX/cmex/m/n, using \pmb.
Package bm Info: No bold for \U/msa/m/n, using \pmb.
Package bm Info: No bold for \U/msb/m/n, using \pmb.
\symboldpureletters=\mathgroup10
LaTeX Font Info:    Redeclaring math alphabet \mathbf on input line 149.
) (C:\Users\bruno\AppData\Local\Programs\MiKTeX\tex/latex/booktabs\booktabs.sty
Package: booktabs 2020/01/12 v1.61803398 Publication quality tables
\heavyrulewidth=\dimen325
\lightrulewidth=\dimen326
\cmidrulewidth=\dimen327
\belowrulesep=\dimen328
\belowbottomsep=\dimen329
\aboverulesep=\dimen330
\abovetopsep=\dimen331
\cmidrulesep=\dimen332
\cmidrulekern=\dimen333
\defaultaddspace=\dimen334
\@cmidla=\count385
\@cmidlb=\count386
\@aboverulesep=\dimen335
\@belowrulesep=\dimen336
\@thisruleclass=\count387
\@lastruleclass=\count388
\@thisrulewidth=\dimen337
) (C:\Users\bruno\AppData\Local\Programs\MiKTeX\tex/latex/tools\array.sty
Package: array 2026/02/24 v2.7b Tabular extension package (FMi)
\col@sep=\dimen338
\ar@mcellbox=\box81
\extrarowheight=\dimen339
\NC@list=\toks48
\extratabsurround=\skip71
\backup@length=\skip72
\ar@cellbox=\box82
) (C:\Users\bruno\AppData\Local\Programs\MiKTeX\tex/latex/multirow\multirow.sty
Package: multirow 2024/11/12 v2.9 Span multiple rows of a table
\multirow@colwidth=\skip73
\multirow@cntb=\count389
\multirow@dima=\skip74
\bigstrutjot=\dimen340
) (C:\Users\bruno\AppData\Local\Programs\MiKTeX\tex/latex/pgf/frontendlayer\tikz.sty (C:\Users\bruno\AppData\Local\Programs\MiKTeX\tex/latex/pgf/basiclayer\pgf.sty
Package: pgf 2025-08-29 v3.1.11a (3.1.11a)
 (C:\Users\bruno\AppData\Local\Programs\MiKTeX\tex/generic/pgf/modules\pgfmoduleshapes.code.tex
File: pgfmoduleshapes.code.tex 2025-08-29 v3.1.11a (3.1.11a)
\pgfnodeparttextbox=\box83
) (C:\Users\bruno\AppData\Local\Programs\MiKTeX\tex/generic/pgf/modules\pgfmoduleplot.code.tex
File: pgfmoduleplot.code.tex 2025-08-29 v3.1.11a (3.1.11a)
) (C:\Users\bruno\AppData\Local\Programs\MiKTeX\tex/latex/pgf/compatibility\pgfcomp-version-0-65.sty
Package: pgfcomp-version-0-65 2025-08-29 v3.1.11a (3.1.11a)
\pgf@nodesepstart=\dimen341
\pgf@nodesepend=\dimen342
) (C:\Users\bruno\AppData\Local\Programs\MiKTeX\tex/latex/pgf/compatibility\pgfcomp-version-1-18.sty
Package: pgfcomp-version-1-18 2025-08-29 v3.1.11a (3.1.11a)
)) (C:\Users\bruno\AppData\Local\Programs\MiKTeX\tex/latex/pgf/utilities\pgffor.sty (C:\Users\bruno\AppData\Local\Programs\MiKTeX\tex/generic/pgf/utilities\pgffor.code.tex
Package: pgffor 2025-08-29 v3.1.11a (3.1.11a)
\pgffor@iter=\dimen343
\pgffor@skip=\dimen344
\pgffor@stack=\toks49
\pgffor@toks=\toks50
)) (C:\Users\bruno\AppData\Local\Programs\MiKTeX\tex/generic/pgf/frontendlayer/tikz\tikz.code.tex
Package: tikz 2025-08-29 v3.1.11a (3.1.11a)
 (C:\Users\bruno\AppData\Local\Programs\MiKTeX\tex/generic/pgf/libraries\pgflibraryplothandlers.code.tex
File: pgflibraryplothandlers.code.tex 2025-08-29 v3.1.11a (3.1.11a)
\pgf@plot@mark@count=\count390
\pgfplotmarksize=\dimen345
)
\tikz@lastx=\dimen346
\tikz@lasty=\dimen347
\tikz@lastxsaved=\dimen348
\tikz@lastysaved=\dimen349
\tikz@lastmovetox=\dimen350
\tikz@lastmovetoy=\dimen351
\tikzleveldistance=\dimen352
\tikzsiblingdistance=\dimen353
\tikz@figbox=\box84
\tikz@figbox@bg=\box85
\tikz@tempbox=\box86
\tikz@tempbox@bg=\box87
\tikztreelevel=\count391
\tikznumberofchildren=\count392
\tikznumberofcurrentchild=\count393
\tikz@fig@count=\count394
 (C:\Users\bruno\AppData\Local\Programs\MiKTeX\tex/generic/pgf/modules\pgfmodulematrix.code.tex
File: pgfmodulematrix.code.tex 2025-08-29 v3.1.11a (3.1.11a)
\pgfmatrixcurrentrow=\count395
\pgfmatrixcurrentcolumn=\count396
\pgf@matrix@numberofcolumns=\count397
)
\tikz@expandcount=\count398
 (C:\Users\bruno\AppData\Local\Programs\MiKTeX\tex/generic/pgf/frontendlayer/tikz/libraries\tikzlibrarytopaths.code.tex
File: tikzlibrarytopaths.code.tex 2025-08-29 v3.1.11a (3.1.11a)
))) (C:\Users\bruno\AppData\Local\Programs\MiKTeX\tex/generic/pgf/frontendlayer/tikz/libraries\tikzlibrarypositioning.code.tex
File: tikzlibrarypositioning.code.tex 2025-08-29 v3.1.11a (3.1.11a)
) (C:\Users\bruno\AppData\Local\Programs\MiKTeX\tex/generic/pgf/libraries\pgflibraryarrows.meta.code.tex
File: pgflibraryarrows.meta.code.tex 2025-08-29 v3.1.11a (3.1.11a)
\pgfarrowinset=\dimen354
\pgfarrowlength=\dimen355
\pgfarrowwidth=\dimen356
\pgfarrowlinewidth=\dimen357
) (C:\Users\bruno\AppData\Local\Programs\MiKTeX\tex/generic/pgf/frontendlayer/tikz/libraries\tikzlibrarycalc.code.tex
File: tikzlibrarycalc.code.tex 2025-08-29 v3.1.11a (3.1.11a)
)

Package hyperref Warning: Token not allowed in a PDF string (Unicode):
(hyperref)                removing `\\' on input line 115.

(main.aux)
\openout1 = `main.aux'.

LaTeX Font Info:    Checking defaults for OML/cmm/m/it on input line 130.
LaTeX Font Info:    ... okay on input line 130.
LaTeX Font Info:    Checking defaults for OMS/cmsy/m/n on input line 130.
LaTeX Font Info:    ... okay on input line 130.
LaTeX Font Info:    Checking defaults for OT1/cmr/m/n on input line 130.
LaTeX Font Info:    ... okay on input line 130.
LaTeX Font Info:    Checking defaults for T1/cmr/m/n on input line 130.
LaTeX Font Info:    ... okay on input line 130.
LaTeX Font Info:    Checking defaults for TS1/cmr/m/n on input line 130.
LaTeX Font Info:    ... okay on input line 130.
LaTeX Font Info:    Checking defaults for OMX/cmex/m/n on input line 130.
LaTeX Font Info:    ... okay on input line 130.
LaTeX Font Info:    Checking defaults for U/cmr/m/n on input line 130.
LaTeX Font Info:    ... okay on input line 130.
LaTeX Font Info:    Checking defaults for PD1/pdf/m/n on input line 130.
LaTeX Font Info:    ... okay on input line 130.
LaTeX Font Info:    Checking defaults for PU/pdf/m/n on input line 130.
LaTeX Font Info:    ... okay on input line 130.

*geometry* driver: auto-detecting
*geometry* detected driver: pdftex
*geometry* verbose mode - [ preamble ] result:
* driver: pdftex
* paper: custom
* layout: <same size as paper>
* layoutoffset:(h,v)=(0.0pt,0.0pt)
* modes: includehead includefoot 
* h-part:(L,W,R)=(10.95003pt, 433.34402pt, 10.95003pt)
* v-part:(T,H,B)=(0.0pt, 256.0748pt, 0.0pt)
* \paperwidth=455.24408pt
* \paperheight=256.0748pt
* \textwidth=433.34402pt
* \textheight=227.62207pt
* \oddsidemargin=-61.31996pt
* \evensidemargin=-61.31996pt
* \topmargin=-72.26999pt
* \headheight=14.22636pt
* \headsep=0.0pt
* \topskip=11.0pt
* \footskip=14.22636pt
* \marginparwidth=4.0pt
* \marginparsep=10.0pt
* \columnsep=10.0pt
* \skip\footins=10.0pt plus 4.0pt minus 2.0pt
* \hoffset=0.0pt
* \voffset=0.0pt
* \mag=1000
* \@twocolumnfalse
* \@twosidefalse
* \@mparswitchfalse
* \@reversemarginfalse
* (1in=72.27pt=25.4mm, 1cm=28.453pt)

(C:\Users\bruno\AppData\Local\Programs\MiKTeX\tex/context/base/mkii\supp-pdf.mkii
[Loading MPS to PDF converter (version 2006.09.02).]
\scratchcounter=\count399
\scratchdimen=\dimen358
\scratchbox=\box88
\nofMPsegments=\count400
\nofMParguments=\count401
\everyMPshowfont=\toks51
\MPscratchCnt=\count402
\MPscratchDim=\dimen359
\MPnumerator=\count403
\makeMPintoPDFobject=\count404
\everyMPtoPDFconversion=\toks52
) (C:\Users\bruno\AppData\Local\Programs\MiKTeX\tex/latex/epstopdf-pkg\epstopdf-base.sty
Package: epstopdf-base 2020-01-24 v2.11 Base part for package epstopdf
Package epstopdf-base Info: Redefining graphics rule for `.eps' on input line 485.
 (C:\Users\bruno\AppData\Local\Programs\MiKTeX\tex/latex/00miktex\epstopdf-sys.cfg
File: epstopdf-sys.cfg 2021/03/18 v2.0 Configuration of epstopdf for MiKTeX
))
Package hyperref Info: Link coloring OFF on input line 130.
 (main.out) (main.out)
\@outlinefile=\write5
\openout5 = `main.out'.

LaTeX Font Info:    Overwriting symbol font `operators' in version `normal'
(Font)                  OT1/cmr/m/n --> OT1/cmss/m/n on input line 130.
LaTeX Font Info:    Overwriting symbol font `operators' in version `bold'
(Font)                  OT1/cmr/bx/n --> OT1/cmss/b/n on input line 130.
\symnumbers=\mathgroup11
LaTeX Font Info:    Redeclaring symbol font `pureletters' on input line 130.
LaTeX Font Info:    Encoding `OT1' has changed to `T1' for symbol font
(Font)              `pureletters' in the math version `normal' on input line 130.
LaTeX Font Info:    Overwriting symbol font `pureletters' in version `normal'
(Font)                  OT1/mathkerncmss/m/sl --> T1/cmss/m/it on input line 130.
LaTeX Font Info:    Encoding `OT1' has changed to `T1' for symbol font
(Font)              `pureletters' in the math version `bold' on input line 130.
LaTeX Font Info:    Overwriting symbol font `pureletters' in version `bold'
(Font)                  OT1/mathkerncmss/bx/sl --> T1/cmss/m/it on input line 130.
LaTeX Font Info:    Overwriting math alphabet `\mathrm' in version `normal'
(Font)                  OT1/cmss/m/n --> T1/cmr/m/n on input line 130.
LaTeX Font Info:    Redeclaring math alphabet \mathbf on input line 130.
LaTeX Font Info:    Redeclaring math alphabet \mathsf on input line 130.
LaTeX Font Info:    Overwriting math alphabet `\mathsf' in version `normal'
(Font)                  OT1/cmss/m/n --> T1/cmss/m/n on input line 130.
LaTeX Font Info:    Overwriting math alphabet `\mathsf' in version `bold'
(Font)                  OT1/cmss/bx/n --> T1/cmss/m/n on input line 130.
LaTeX Font Info:    Redeclaring math alphabet \mathit on input line 130.
LaTeX Font Info:    Overwriting math alphabet `\mathit' in version `normal'
(Font)                  OT1/cmr/m/it --> T1/cmss/m/it on input line 130.
LaTeX Font Info:    Overwriting math alphabet `\mathit' in version `bold'
(Font)                  OT1/cmr/bx/it --> T1/cmss/m/it on input line 130.
LaTeX Font Info:    Redeclaring math alphabet \mathtt on input line 130.
LaTeX Font Info:    Overwriting math alphabet `\mathtt' in version `normal'
(Font)                  OT1/cmtt/m/n --> T1/cmtt/m/n on input line 130.
LaTeX Font Info:    Overwriting math alphabet `\mathtt' in version `bold'
(Font)                  OT1/cmtt/m/n --> T1/cmtt/m/n on input line 130.
LaTeX Font Info:    Overwriting symbol font `numbers' in version `bold'
(Font)                  T1/cmss/m/n --> T1/cmss/b/n on input line 130.
LaTeX Font Info:    Overwriting symbol font `pureletters' in version `bold'
(Font)                  T1/cmss/m/it --> T1/cmss/b/it on input line 130.
LaTeX Font Info:    Overwriting math alphabet `\mathrm' in version `bold'
(Font)                  OT1/cmss/b/n --> T1/cmr/b/n on input line 130.
LaTeX Font Info:    Overwriting math alphabet `\mathbf' in version `bold'
(Font)                  T1/cmss/b/n --> T1/cmss/b/n on input line 130.
LaTeX Font Info:    Overwriting math alphabet `\mathsf' in version `bold'
(Font)                  T1/cmss/m/n --> T1/cmss/b/n on input line 130.
LaTeX Font Info:    Overwriting math alphabet `\mathit' in version `bold'
(Font)                  T1/cmss/m/it --> T1/cmss/b/it on input line 130.
LaTeX Font Info:    Overwriting math alphabet `\mathtt' in version `bold'
(Font)                  T1/cmtt/m/n --> T1/cmtt/b/n on input line 130.
LaTeX Font Info:    Redeclaring symbol font `pureletters' on input line 130.
LaTeX Font Info:    Encoding `T1' has changed to `OT1' for symbol font
(Font)              `pureletters' in the math version `normal' on input line 130.
LaTeX Font Info:    Overwriting symbol font `pureletters' in version `normal'
(Font)                  T1/cmss/m/it --> OT1/mathkerncmss/m/sl on input line 130.
LaTeX Font Info:    Encoding `T1' has changed to `OT1' for symbol font
(Font)              `pureletters' in the math version `bold' on input line 130.
LaTeX Font Info:    Overwriting symbol font `pureletters' in version `bold'
(Font)                  T1/cmss/b/it --> OT1/mathkerncmss/m/sl on input line 130.
LaTeX Font Info:    Overwriting symbol font `pureletters' in version `bold'
(Font)                  OT1/mathkerncmss/m/sl --> OT1/mathkerncmss/bx/sl on input line 130.
 (C:\Users\bruno\AppData\Local\Programs\MiKTeX\tex/latex/translator\translator-basic-dictionary-English.dict
Dictionary: translator-basic-dictionary, Language: English 
) (C:\Users\bruno\AppData\Local\Programs\MiKTeX\tex/latex/translator\translator-bibliography-dictionary-English.dict
Dictionary: translator-bibliography-dictionary, Language: English 
) (C:\Users\bruno\AppData\Local\Programs\MiKTeX\tex/latex/translator\translator-environment-dictionary-English.dict
Dictionary: translator-environment-dictionary, Language: English 
) (C:\Users\bruno\AppData\Local\Programs\MiKTeX\tex/latex/translator\translator-months-dictionary-English.dict
Dictionary: translator-months-dictionary, Language: English 
) (C:\Users\bruno\AppData\Local\Programs\MiKTeX\tex/latex/translator\translator-numbers-dictionary-English.dict
Dictionary: translator-numbers-dictionary, Language: English 
) (C:\Users\bruno\AppData\Local\Programs\MiKTeX\tex/latex/translator\translator-theorem-dictionary-English.dict
Dictionary: translator-theorem-dictionary, Language: English 
)
Package caption Info: Begin \AtBeginDocument code.
Package caption Info: End \AtBeginDocument code.
 (main.nav)
Package babel Info: Main language set to 'english'.
<ppgmap_logo.jpg, id=52, 470.75874pt x 427.5975pt>
File: ppgmap_logo.jpg Graphic file (type jpg)
<use ppgmap_logo.jpg>
Package pdftex.def Info: ppgmap_logo.jpg  used on input line 142.
(pdftex.def)             Requested size: 93.97049pt x 85.35826pt.
<fapergs_logo.jpg, id=53, 192.72pt x 108.405pt>
File: fapergs_logo.jpg Graphic file (type jpg)
<use fapergs_logo.jpg>
Package pdftex.def Info: fapergs_logo.jpg  used on input line 142.
(pdftex.def)             Requested size: 151.75603pt x 85.35826pt.
 [1

{C:/Users/bruno/AppData/Local/MiKTeX/fonts/map/pdftex/pdftex.map} <./ppgmap_logo.jpg> <./fapergs_logo.jpg>] (main.toc) [2

] [3

]
<flood_rs_02.jpg, id=103, 276.03125pt x 183.68625pt>
File: flood_rs_02.jpg Graphic file (type jpg)
<use flood_rs_02.jpg>
Package pdftex.def Info: flood_rs_02.jpg  used on input line 172.
(pdftex.def)             Requested size: 216.67201pt x 144.1912pt.
<flood_rs_03.jpg, id=104, 276.03125pt x 183.68625pt>
File: flood_rs_03.jpg Graphic file (type jpg)
<use flood_rs_03.jpg>
Package pdftex.def Info: flood_rs_03.jpg  used on input line 172.
(pdftex.def)             Requested size: 216.67201pt x 144.1912pt.
 [4

 <./flood_rs_02.jpg> <./flood_rs_03.jpg>] [5

]
<k_15.png, id=120, 880.28876pt x 792.9625pt>
File: k_15.png Graphic file (type png)
<use k_15.png>
Package pdftex.def Info: k_15.png  used on input line 201.
(pdftex.def)             Requested size: 172.64308pt x 155.51639pt.
LaTeX Font Info:    Trying to load font information for U+msa on input line 201.
 (C:\Users\bruno\AppData\Local\Programs\MiKTeX\tex/latex/amsfonts\umsa.fd
File: umsa.fd 2013/01/14 v3.01 AMS symbols A
)
LaTeX Font Info:    Trying to load font information for U+msb on input line 201.
 (C:\Users\bruno\AppData\Local\Programs\MiKTeX\tex/latex/amsfonts\umsb.fd
File: umsb.fd 2013/01/14 v3.01 AMS symbols B
)
LaTeX Font Info:    Trying to load font information for OT1+mathkerncmss on input line 201.
 (C:\Users\bruno\AppData\Local\Programs\MiKTeX\tex/latex/sansmathaccent\ot1mathkerncmss.fd
File: ot1mathkerncmss.fd 2020/01/31 Fontinst v1.933 font definitions for OT1/mathkerncmss.
) [6

 <./k_15.png>] [7

] [8

] [9

]

LaTeX Font Warning: Font shape `T1/cmss/b/n' undefined
(Font)              using `T1/cmss/m/n' instead on input line 320.

[10

] [11

] [12

]
<GLSTM_block_fig.png, id=202, 989.19562pt x 514.92375pt>
File: GLSTM_block_fig.png Graphic file (type png)
<use GLSTM_block_fig.png>
Package pdftex.def Info: GLSTM_block_fig.png  used on input line 351.
(pdftex.def)             Requested size: 260.00905pt x 135.34628pt.

Overfull \hbox (10.34776pt too wide) detected at line 351
[]
 []

[13

 <./GLSTM_block_fig.png>]
<glstm_arc.png, id=213, 667.49374pt x 575.14874pt>
File: glstm_arc.png Graphic file (type png)
<use glstm_arc.png>
Package pdftex.def Info: glstm_arc.png  used on input line 360.
(pdftex.def)             Requested size: 216.67201pt x 186.69295pt.

Overfull \vbox (13.1929pt too high) detected at line 360
 []

[14

 <./glstm_arc.png>] [15

] [16

] [17

]
<plots_presentation/porto_alegre_true_vs_predicted_lead_day_01_20210901_20211101.png, id=241, 558.38084pt x 328.63832pt>
File: plots_presentation/porto_alegre_true_vs_predicted_lead_day_01_20210901_20211101.png Graphic file (type png)
<use plots_presentation/porto_alegre_true_vs_predicted_lead_day_01_20210901_20211101.png>
Package pdftex.def Info: plots_presentation/porto_alegre_true_vs_predicted_lead_day_01_20210901_20211101.png  used on input line 478.
(pdftex.def)             Requested size: 145.60164pt x 85.69467pt.
<plots_presentation/porto_alegre_true_vs_predicted_lead_day_01_20240301_20240601.png, id=242, 558.38084pt x 329.01868pt>
File: plots_presentation/porto_alegre_true_vs_predicted_lead_day_01_20240301_20240601.png Graphic file (type png)
<use plots_presentation/porto_alegre_true_vs_predicted_lead_day_01_20240301_20240601.png>
Package pdftex.def Info: plots_presentation/porto_alegre_true_vs_predicted_lead_day_01_20240301_20240601.png  used on input line 478.
(pdftex.def)             Requested size: 145.60164pt x 85.79385pt.
<plots_presentation/porto_alegre_true_vs_predicted_lead_day_05_20210901_20211101.png, id=243, 558.38084pt x 328.63832pt>
File: plots_presentation/porto_alegre_true_vs_predicted_lead_day_05_20210901_20211101.png Graphic file (type png)
<use plots_presentation/porto_alegre_true_vs_predicted_lead_day_05_20210901_20211101.png>
Package pdftex.def Info: plots_presentation/porto_alegre_true_vs_predicted_lead_day_05_20210901_20211101.png  used on input line 478.
(pdftex.def)             Requested size: 145.60164pt x 85.69467pt.
<plots_presentation/porto_alegre_true_vs_predicted_lead_day_05_20240301_20240601.png, id=244, 558.38084pt x 329.01868pt>
File: plots_presentation/porto_alegre_true_vs_predicted_lead_day_05_20240301_20240601.png Graphic file (type png)
<use plots_presentation/porto_alegre_true_vs_predicted_lead_day_05_20240301_20240601.png>
Package pdftex.def Info: plots_presentation/porto_alegre_true_vs_predicted_lead_day_05_20240301_20240601.png  used on input line 478.
(pdftex.def)             Requested size: 145.60164pt x 85.79385pt.

Overfull \vbox (5.08766pt too high) detected at line 478
 []

[18

 <./plots_presentation/porto_alegre_true_vs_predicted_lead_day_01_20210901_20211101.png> <./plots_presentation/porto_alegre_true_vs_predicted_lead_day_01_20240301_20240601.png> <./plots_presentation/porto_alegre_true_vs_predicted_lead_day_05_20210901_20211101.png> <./plots_presentation/porto_alegre_true_vs_predicted_lead_day_05_20240301_20240601.png>]
<Predict/frame_001.png, id=255, 520.344pt x 505.89pt>
File: Predict/frame_001.png Graphic file (type png)
<use Predict/frame_001.png>
Package pdftex.def Info: Predict/frame_001.png  used on input line 650.
(pdftex.def)             Requested size: 178.88293pt x 173.91469pt.
<Real/frame_001.png, id=256, 520.344pt x 505.89pt>
File: Real/frame_001.png Graphic file (type png)
<use Real/frame_001.png>
Package pdftex.def Info: Real/frame_001.png  used on input line 650.
(pdftex.def)             Requested size: 178.88293pt x 173.91469pt.
 <./Predict/frame_001.png> <./Real/frame_001.png> <a0,fr0>
<Predict/frame_002.png, id=261, 520.344pt x 505.89pt>
File: Predict/frame_002.png Graphic file (type png)
<use Predict/frame_002.png>
Package pdftex.def Info: Predict/frame_002.png  used on input line 650.
(pdftex.def)             Requested size: 178.88293pt x 173.91469pt.
<Real/frame_002.png, id=262, 520.344pt x 505.89pt>
File: Real/frame_002.png Graphic file (type png)
<use Real/frame_002.png>
Package pdftex.def Info: Real/frame_002.png  used on input line 650.
(pdftex.def)             Requested size: 178.88293pt x 173.91469pt.
 <./Predict/frame_002.png> <./Real/frame_002.png> <a0,fr1>
<Predict/frame_003.png, id=267, 520.344pt x 505.89pt>
File: Predict/frame_003.png Graphic file (type png)
<use Predict/frame_003.png>
Package pdftex.def Info: Predict/frame_003.png  used on input line 650.
(pdftex.def)             Requested size: 178.88293pt x 173.91469pt.
<Real/frame_003.png, id=268, 520.344pt x 505.89pt>
File: Real/frame_003.png Graphic file (type png)
<use Real/frame_003.png>
Package pdftex.def Info: Real/frame_003.png  used on input line 650.
(pdftex.def)             Requested size: 178.88293pt x 173.91469pt.
 <./Predict/frame_003.png> <./Real/frame_003.png> <a0,fr2>
<Predict/frame_004.png, id=273, 520.344pt x 505.89pt>
File: Predict/frame_004.png Graphic file (type png)
<use Predict/frame_004.png>
Package pdftex.def Info: Predict/frame_004.png  used on input line 650.
(pdftex.def)             Requested size: 178.88293pt x 173.91469pt.
<Real/frame_004.png, id=274, 520.344pt x 505.89pt>
File: Real/frame_004.png Graphic file (type png)
<use Real/frame_004.png>
Package pdftex.def Info: Real/frame_004.png  used on input line 650.
(pdftex.def)             Requested size: 178.88293pt x 173.91469pt.
 <./Predict/frame_004.png> <./Real/frame_004.png> <a0,fr3>
<Predict/frame_005.png, id=279, 520.344pt x 505.89pt>
File: Predict/frame_005.png Graphic file (type png)
<use Predict/frame_005.png>
Package pdftex.def Info: Predict/frame_005.png  used on input line 650.
(pdftex.def)             Requested size: 178.88293pt x 173.91469pt.
<Real/frame_005.png, id=280, 520.344pt x 505.89pt>
File: Real/frame_005.png Graphic file (type png)
<use Real/frame_005.png>
Package pdftex.def Info: Real/frame_005.png  used on input line 650.
(pdftex.def)             Requested size: 178.88293pt x 173.91469pt.
 <./Predict/frame_005.png> <./Real/frame_005.png> <a0,fr4>
<Predict/frame_006.png, id=285, 520.344pt x 505.89pt>
File: Predict/frame_006.png Graphic file (type png)
<use Predict/frame_006.png>
Package pdftex.def Info: Predict/frame_006.png  used on input line 650.
(pdftex.def)             Requested size: 178.88293pt x 173.91469pt.
<Real/frame_006.png, id=286, 520.344pt x 505.89pt>
File: Real/frame_006.png Graphic file (type png)
<use Real/frame_006.png>
Package pdftex.def Info: Real/frame_006.png  used on input line 650.
(pdftex.def)             Requested size: 178.88293pt x 173.91469pt.
 <./Predict/frame_006.png> <./Real/frame_006.png> <a0,fr5>
<Predict/frame_007.png, id=291, 520.344pt x 505.89pt>
File: Predict/frame_007.png Graphic file (type png)
<use Predict/frame_007.png>
Package pdftex.def Info: Predict/frame_007.png  used on input line 650.
(pdftex.def)             Requested size: 178.88293pt x 173.91469pt.
<Real/frame_007.png, id=292, 520.344pt x 505.89pt>
File: Real/frame_007.png Graphic file (type png)
<use Real/frame_007.png>
Package pdftex.def Info: Real/frame_007.png  used on input line 650.
(pdftex.def)             Requested size: 178.88293pt x 173.91469pt.
 <./Predict/frame_007.png> <./Real/frame_007.png> <a0,fr6>
<Predict/frame_008.png, id=297, 520.344pt x 505.89pt>
File: Predict/frame_008.png Graphic file (type png)
<use Predict/frame_008.png>
Package pdftex.def Info: Predict/frame_008.png  used on input line 650.
(pdftex.def)             Requested size: 178.88293pt x 173.91469pt.
<Real/frame_008.png, id=298, 520.344pt x 505.89pt>
File: Real/frame_008.png Graphic file (type png)
<use Real/frame_008.png>
Package pdftex.def Info: Real/frame_008.png  used on input line 650.
(pdftex.def)             Requested size: 178.88293pt x 173.91469pt.
 <./Predict/frame_008.png> <./Real/frame_008.png> <a0,fr7>
<Predict/frame_009.png, id=303, 520.344pt x 505.89pt>
File: Predict/frame_009.png Graphic file (type png)
<use Predict/frame_009.png>
Package pdftex.def Info: Predict/frame_009.png  used on input line 650.
(pdftex.def)             Requested size: 178.88293pt x 173.91469pt.
<Real/frame_009.png, id=304, 520.344pt x 505.89pt>
File: Real/frame_009.png Graphic file (type png)
<use Real/frame_009.png>
Package pdftex.def Info: Real/frame_009.png  used on input line 650.
(pdftex.def)             Requested size: 178.88293pt x 173.91469pt.
 <./Predict/frame_009.png> <./Real/frame_009.png> <a0,fr8>
<Predict/frame_010.png, id=309, 520.344pt x 505.89pt>
File: Predict/frame_010.png Graphic file (type png)
<use Predict/frame_010.png>
Package pdftex.def Info: Predict/frame_010.png  used on input line 650.
(pdftex.def)             Requested size: 178.88293pt x 173.91469pt.
<Real/frame_010.png, id=310, 520.344pt x 505.89pt>
File: Real/frame_010.png Graphic file (type png)
<use Real/frame_010.png>
Package pdftex.def Info: Real/frame_010.png  used on input line 650.
(pdftex.def)             Requested size: 178.88293pt x 173.91469pt.
 <./Predict/frame_010.png> <./Real/frame_010.png> <a0,fr9>
<Predict/frame_011.png, id=315, 520.344pt x 505.89pt>
File: Predict/frame_011.png Graphic file (type png)
<use Predict/frame_011.png>
Package pdftex.def Info: Predict/frame_011.png  used on input line 650.
(pdftex.def)             Requested size: 178.88293pt x 173.91469pt.
<Real/frame_011.png, id=316, 520.344pt x 505.89pt>
File: Real/frame_011.png Graphic file (type png)
<use Real/frame_011.png>
Package pdftex.def Info: Real/frame_011.png  used on input line 650.
(pdftex.def)             Requested size: 178.88293pt x 173.91469pt.
 <./Predict/frame_011.png> <./Real/frame_011.png> <a0,fr10>
<Predict/frame_012.png, id=321, 520.344pt x 505.89pt>
File: Predict/frame_012.png Graphic file (type png)
<use Predict/frame_012.png>
Package pdftex.def Info: Predict/frame_012.png  used on input line 650.
(pdftex.def)             Requested size: 178.88293pt x 173.91469pt.
<Real/frame_012.png, id=322, 520.344pt x 505.89pt>
File: Real/frame_012.png Graphic file (type png)
<use Real/frame_012.png>
Package pdftex.def Info: Real/frame_012.png  used on input line 650.
(pdftex.def)             Requested size: 178.88293pt x 173.91469pt.
 <./Predict/frame_012.png> <./Real/frame_012.png> <a0,fr11>
<Predict/frame_013.png, id=327, 520.344pt x 505.89pt>
File: Predict/frame_013.png Graphic file (type png)
<use Predict/frame_013.png>
Package pdftex.def Info: Predict/frame_013.png  used on input line 650.
(pdftex.def)             Requested size: 178.88293pt x 173.91469pt.
<Real/frame_013.png, id=328, 520.344pt x 505.89pt>
File: Real/frame_013.png Graphic file (type png)
<use Real/frame_013.png>
Package pdftex.def Info: Real/frame_013.png  used on input line 650.
(pdftex.def)             Requested size: 178.88293pt x 173.91469pt.
 <./Predict/frame_013.png> <./Real/frame_013.png> <a0,fr12>
<Predict/frame_014.png, id=333, 520.344pt x 505.89pt>
File: Predict/frame_014.png Graphic file (type png)
<use Predict/frame_014.png>
Package pdftex.def Info: Predict/frame_014.png  used on input line 650.
(pdftex.def)             Requested size: 178.88293pt x 173.91469pt.
<Real/frame_014.png, id=334, 520.344pt x 505.89pt>
File: Real/frame_014.png Graphic file (type png)
<use Real/frame_014.png>
Package pdftex.def Info: Real/frame_014.png  used on input line 650.
(pdftex.def)             Requested size: 178.88293pt x 173.91469pt.
 <./Predict/frame_014.png> <./Real/frame_014.png> <a0,fr13>
<Predict/frame_015.png, id=339, 520.344pt x 505.89pt>
File: Predict/frame_015.png Graphic file (type png)
<use Predict/frame_015.png>
Package pdftex.def Info: Predict/frame_015.png  used on input line 650.
(pdftex.def)             Requested size: 178.88293pt x 173.91469pt.
<Real/frame_015.png, id=340, 520.344pt x 505.89pt>
File: Real/frame_015.png Graphic file (type png)
<use Real/frame_015.png>
Package pdftex.def Info: Real/frame_015.png  used on input line 650.
(pdftex.def)             Requested size: 178.88293pt x 173.91469pt.
 <./Predict/frame_015.png> <./Real/frame_015.png> <a0,fr14>
<Predict/frame_016.png, id=345, 520.344pt x 505.89pt>
File: Predict/frame_016.png Graphic file (type png)
<use Predict/frame_016.png>
Package pdftex.def Info: Predict/frame_016.png  used on input line 650.
(pdftex.def)             Requested size: 178.88293pt x 173.91469pt.
<Real/frame_016.png, id=346, 520.344pt x 505.89pt>
File: Real/frame_016.png Graphic file (type png)
<use Real/frame_016.png>
Package pdftex.def Info: Real/frame_016.png  used on input line 650.
(pdftex.def)             Requested size: 178.88293pt x 173.91469pt.
 <./Predict/frame_016.png> <./Real/frame_016.png> <a0,fr15>
<Predict/frame_017.png, id=351, 520.344pt x 505.89pt>
File: Predict/frame_017.png Graphic file (type png)
<use Predict/frame_017.png>
Package pdftex.def Info: Predict/frame_017.png  used on input line 650.
(pdftex.def)             Requested size: 178.88293pt x 173.91469pt.
<Real/frame_017.png, id=352, 520.344pt x 505.89pt>
File: Real/frame_017.png Graphic file (type png)
<use Real/frame_017.png>
Package pdftex.def Info: Real/frame_017.png  used on input line 650.
(pdftex.def)             Requested size: 178.88293pt x 173.91469pt.
 <./Predict/frame_017.png> <./Real/frame_017.png> <a0,fr16>
<Predict/frame_018.png, id=357, 520.344pt x 505.89pt>
File: Predict/frame_018.png Graphic file (type png)
<use Predict/frame_018.png>
Package pdftex.def Info: Predict/frame_018.png  used on input line 650.
(pdftex.def)             Requested size: 178.88293pt x 173.91469pt.
<Real/frame_018.png, id=358, 520.344pt x 505.89pt>
File: Real/frame_018.png Graphic file (type png)
<use Real/frame_018.png>
Package pdftex.def Info: Real/frame_018.png  used on input line 650.
(pdftex.def)             Requested size: 178.88293pt x 173.91469pt.
 <./Predict/frame_018.png> <./Real/frame_018.png> <a0,fr17>
<Predict/frame_019.png, id=363, 520.344pt x 505.89pt>
File: Predict/frame_019.png Graphic file (type png)
<use Predict/frame_019.png>
Package pdftex.def Info: Predict/frame_019.png  used on input line 650.
(pdftex.def)             Requested size: 178.88293pt x 173.91469pt.
<Real/frame_019.png, id=364, 520.344pt x 505.89pt>
File: Real/frame_019.png Graphic file (type png)
<use Real/frame_019.png>
Package pdftex.def Info: Real/frame_019.png  used on input line 650.
(pdftex.def)             Requested size: 178.88293pt x 173.91469pt.
 <./Predict/frame_019.png> <./Real/frame_019.png> <a0,fr18>
<Predict/frame_020.png, id=369, 520.344pt x 505.89pt>
File: Predict/frame_020.png Graphic file (type png)
<use Predict/frame_020.png>
Package pdftex.def Info: Predict/frame_020.png  used on input line 650.
(pdftex.def)             Requested size: 178.88293pt x 173.91469pt.
<Real/frame_020.png, id=370, 520.344pt x 505.89pt>
File: Real/frame_020.png Graphic file (type png)
<use Real/frame_020.png>
Package pdftex.def Info: Real/frame_020.png  used on input line 650.
(pdftex.def)             Requested size: 178.88293pt x 173.91469pt.
 <./Predict/frame_020.png> <./Real/frame_020.png> <a0,fr19>
<Predict/frame_021.png, id=375, 520.344pt x 505.89pt>
File: Predict/frame_021.png Graphic file (type png)
<use Predict/frame_021.png>
Package pdftex.def Info: Predict/frame_021.png  used on input line 650.
(pdftex.def)             Requested size: 178.88293pt x 173.91469pt.
<Real/frame_021.png, id=376, 520.344pt x 505.89pt>
File: Real/frame_021.png Graphic file (type png)
<use Real/frame_021.png>
Package pdftex.def Info: Real/frame_021.png  used on input line 650.
(pdftex.def)             Requested size: 178.88293pt x 173.91469pt.
 <./Predict/frame_021.png> <./Real/frame_021.png> <a0,fr20>
<Predict/frame_022.png, id=381, 520.344pt x 505.89pt>
File: Predict/frame_022.png Graphic file (type png)
<use Predict/frame_022.png>
Package pdftex.def Info: Predict/frame_022.png  used on input line 650.
(pdftex.def)             Requested size: 178.88293pt x 173.91469pt.
<Real/frame_022.png, id=382, 520.344pt x 505.89pt>
File: Real/frame_022.png Graphic file (type png)
<use Real/frame_022.png>
Package pdftex.def Info: Real/frame_022.png  used on input line 650.
(pdftex.def)             Requested size: 178.88293pt x 173.91469pt.
 <./Predict/frame_022.png> <./Real/frame_022.png> <a0,fr21>
<Predict/frame_023.png, id=387, 520.344pt x 505.89pt>
File: Predict/frame_023.png Graphic file (type png)
<use Predict/frame_023.png>
Package pdftex.def Info: Predict/frame_023.png  used on input line 650.
(pdftex.def)             Requested size: 178.88293pt x 173.91469pt.
<Real/frame_023.png, id=388, 520.344pt x 505.89pt>
File: Real/frame_023.png Graphic file (type png)
<use Real/frame_023.png>
Package pdftex.def Info: Real/frame_023.png  used on input line 650.
(pdftex.def)             Requested size: 178.88293pt x 173.91469pt.
 <./Predict/frame_023.png> <./Real/frame_023.png> <a0,fr22>
<Predict/frame_024.png, id=393, 520.344pt x 505.89pt>
File: Predict/frame_024.png Graphic file (type png)
<use Predict/frame_024.png>
Package pdftex.def Info: Predict/frame_024.png  used on input line 650.
(pdftex.def)             Requested size: 178.88293pt x 173.91469pt.
<Real/frame_024.png, id=394, 520.344pt x 505.89pt>
File: Real/frame_024.png Graphic file (type png)
<use Real/frame_024.png>
Package pdftex.def Info: Real/frame_024.png  used on input line 650.
(pdftex.def)             Requested size: 178.88293pt x 173.91469pt.
 <./Predict/frame_024.png> <./Real/frame_024.png> <a0,fr23>
<Predict/frame_025.png, id=399, 520.344pt x 505.89pt>
File: Predict/frame_025.png Graphic file (type png)
<use Predict/frame_025.png>
Package pdftex.def Info: Predict/frame_025.png  used on input line 650.
(pdftex.def)             Requested size: 178.88293pt x 173.91469pt.
<Real/frame_025.png, id=400, 520.344pt x 505.89pt>
File: Real/frame_025.png Graphic file (type png)
<use Real/frame_025.png>
Package pdftex.def Info: Real/frame_025.png  used on input line 650.
(pdftex.def)             Requested size: 178.88293pt x 173.91469pt.
 <./Predict/frame_025.png> <./Real/frame_025.png> <a0,fr24>
<Predict/frame_026.png, id=405, 520.344pt x 505.89pt>
File: Predict/frame_026.png Graphic file (type png)
<use Predict/frame_026.png>
Package pdftex.def Info: Predict/frame_026.png  used on input line 650.
(pdftex.def)             Requested size: 178.88293pt x 173.91469pt.
<Real/frame_026.png, id=406, 520.344pt x 505.89pt>
File: Real/frame_026.png Graphic file (type png)
<use Real/frame_026.png>
Package pdftex.def Info: Real/frame_026.png  used on input line 650.
(pdftex.def)             Requested size: 178.88293pt x 173.91469pt.
 <./Predict/frame_026.png> <./Real/frame_026.png> <a0,fr25>
<Predict/frame_027.png, id=411, 520.344pt x 505.89pt>
File: Predict/frame_027.png Graphic file (type png)
<use Predict/frame_027.png>
Package pdftex.def Info: Predict/frame_027.png  used on input line 650.
(pdftex.def)             Requested size: 178.88293pt x 173.91469pt.
<Real/frame_027.png, id=412, 520.344pt x 505.89pt>
File: Real/frame_027.png Graphic file (type png)
<use Real/frame_027.png>
Package pdftex.def Info: Real/frame_027.png  used on input line 650.
(pdftex.def)             Requested size: 178.88293pt x 173.91469pt.
 <./Predict/frame_027.png> <./Real/frame_027.png> <a0,fr26>
<Predict/frame_028.png, id=417, 520.344pt x 505.89pt>
File: Predict/frame_028.png Graphic file (type png)
<use Predict/frame_028.png>
Package pdftex.def Info: Predict/frame_028.png  used on input line 650.
(pdftex.def)             Requested size: 178.88293pt x 173.91469pt.
<Real/frame_028.png, id=418, 520.344pt x 505.89pt>
File: Real/frame_028.png Graphic file (type png)
<use Real/frame_028.png>
Package pdftex.def Info: Real/frame_028.png  used on input line 650.
(pdftex.def)             Requested size: 178.88293pt x 173.91469pt.
 <./Predict/frame_028.png> <./Real/frame_028.png> <a0,fr27>
<Predict/frame_029.png, id=423, 520.344pt x 505.89pt>
File: Predict/frame_029.png Graphic file (type png)
<use Predict/frame_029.png>
Package pdftex.def Info: Predict/frame_029.png  used on input line 650.
(pdftex.def)             Requested size: 178.88293pt x 173.91469pt.
<Real/frame_029.png, id=424, 520.344pt x 505.89pt>
File: Real/frame_029.png Graphic file (type png)
<use Real/frame_029.png>
Package pdftex.def Info: Real/frame_029.png  used on input line 650.
(pdftex.def)             Requested size: 178.88293pt x 173.91469pt.
 <./Predict/frame_029.png> <./Real/frame_029.png> <a0,fr28>
<Predict/frame_030.png, id=429, 520.344pt x 505.89pt>
File: Predict/frame_030.png Graphic file (type png)
<use Predict/frame_030.png>
Package pdftex.def Info: Predict/frame_030.png  used on input line 650.
(pdftex.def)             Requested size: 178.88293pt x 173.91469pt.
<Real/frame_030.png, id=430, 520.344pt x 505.89pt>
File: Real/frame_030.png Graphic file (type png)
<use Real/frame_030.png>
Package pdftex.def Info: Real/frame_030.png  used on input line 650.
(pdftex.def)             Requested size: 178.88293pt x 173.91469pt.
 <./Predict/frame_030.png> <./Real/frame_030.png> <a0,fr29>
<Predict/frame_031.png, id=435, 520.344pt x 505.89pt>
File: Predict/frame_031.png Graphic file (type png)
<use Predict/frame_031.png>
Package pdftex.def Info: Predict/frame_031.png  used on input line 650.
(pdftex.def)             Requested size: 178.88293pt x 173.91469pt.
<Real/frame_031.png, id=436, 520.344pt x 505.89pt>
File: Real/frame_031.png Graphic file (type png)
<use Real/frame_031.png>
Package pdftex.def Info: Real/frame_031.png  used on input line 650.
(pdftex.def)             Requested size: 178.88293pt x 173.91469pt.
 <./Predict/frame_031.png> <./Real/frame_031.png> <a0,fr30> [19

]
<weighted_graph.png, id=509, 740.57732pt x 572.83484pt>
File: weighted_graph.png Graphic file (type png)
<use weighted_graph.png>
Package pdftex.def Info: weighted_graph.png  used on input line 658.
(pdftex.def)             Requested size: 281.67096pt x 217.8718pt.

Overfull \vbox (6.37175pt too high) detected at line 658
 []

[20

 <./weighted_graph.png>] [21

] [22

]
\tf@nav=\write6
\openout6 = `main.nav'.

\tf@toc=\write7
\openout7 = `main.toc'.

\tf@snm=\write8
\openout8 = `main.snm'.

 (main.aux)
 ***********
LaTeX2e <2026-06-01>
L3 programming layer <2026-06-18>
 ***********


LaTeX Font Warning: Some font shapes were not available, defaults substituted.

Package rerunfilecheck Info: File `main.out' has not changed.
(rerunfilecheck)             Checksum: B176FA29439781EB83130C49B1FEEAE6;1388.
 ) 
Here is how much of TeX's memory you used:
 31270 strings out of 467510
 630193 string characters out of 5408794
 1052102 words of memory out of 5000000
 59824 multiletter control sequences out of 15000+600000
 656747 words of font info for 112 fonts, out of 8000000 for 9000
 1141 hyphenation exceptions out of 8191
 128i,14n,123p,424b,1023s stack positions out of 10000i,1000n,20000p,200000b,200000s
 <C:\Users\bruno\AppData\Local\MiKTeX\fonts/pk/ljfour/jknappen/ec/dpi600\ecss0700.pk> <C:\Users\bruno\AppData\Local\MiKTeX\fonts/pk/ljfour/jknappen/ec/dpi600\ecsx1000.pk> <C:\Users\bruno\AppData\Local\MiKTeX\fonts/pk/ljfour/jknappen/ec/dpi600\ecsx0800.pk> <C:\Users\bruno\AppData\Local\MiKTeX\fonts/pk/ljfour/jknappen/ec/dpi600\ecss1200.pk> <C:\Users\bruno\AppData\Local\MiKTeX\fonts/pk/ljfour/jknappen/ec/dpi600\ecsx1095.pk> <C:\Users\bruno\AppData\Local\MiKTeX\fonts/pk/ljfour/jknappen/ec/dpi600\ecss1000.pk> <C:\Users\bruno\AppData\Local\MiKTeX\fonts/pk/ljfour/jknappen/ec/dpi600\ecss0600.pk> <C:\Users\bruno\AppData\Local\MiKTeX\fonts/pk/ljfour/jknappen/ec/dpi600\ecss0800.pk> <C:\Users\bruno\AppData\Local\MiKTeX\fonts/pk/ljfour/jknappen/ec/dpi600\ecss1095.pk> <C:\Users\bruno\AppData\Local\MiKTeX\fonts/pk/ljfour/jknappen/ec/dpi600\ecss1440.pk><C:/Users/bruno/AppData/Local/Programs/MiKTeX/fonts/type1/public/amsfonts/cm/cmex10.pfb><C:/Users/bruno/AppData/Local/Programs/MiKTeX/fonts/type1/public/amsfonts/cm/cmmi10.pfb><C:/Users/bruno/AppData/Local/Programs/MiKTeX/fonts/type1/public/amsfonts/cm/cmmi8.pfb><C:/Users/bruno/AppData/Local/Programs/MiKTeX/fonts/type1/public/amsfonts/cm/cmss10.pfb><C:/Users/bruno/AppData/Local/Programs/MiKTeX/fonts/type1/public/amsfonts/cm/cmss8.pfb><C:/Users/bruno/AppData/Local/Programs/MiKTeX/fonts/type1/public/amsfonts/cm/cmssi10.pfb><C:/Users/bruno/AppData/Local/Programs/MiKTeX/fonts/type1/public/amsfonts/cm/cmssi8.pfb><C:/Users/bruno/AppData/Local/Programs/MiKTeX/fonts/type1/public/amsfonts/cm/cmsy10.pfb><C:/Users/bruno/AppData/Local/Programs/MiKTeX/fonts/type1/public/amsfonts/cm/cmsy6.pfb><C:/Users/bruno/AppData/Local/Programs/MiKTeX/fonts/type1/public/amsfonts/cm/cmsy8.pfb><C:/Users/bruno/AppData/Local/Programs/MiKTeX/fonts/type1/public/amsfonts/symbols/msam7.pfb><C:/Users/bruno/AppData/Local/Programs/MiKTeX/fonts/type1/public/amsfonts/symbols/msbm10.pfb>
Output written on main.pdf (22 pages, 9389127 bytes).
PDF statistics:
 949 PDF objects out of 1000 (max. 8388607)
 60 named destinations out of 1000 (max. 500000)
 837 words of extra memory for PDF output out of 10000 (max. 10000000)

